Archive member included to satisfy reference by file (symbol)

C:/ST/STM32CubeIDE_1.13.0/STM32CubeIDE/plugins/com.st.stm32cube.ide.mcu.externaltools.gnu-tools-for-stm32.11.3.rel1.win32_1.1.0.202305231506/tools/bin/../lib/gcc/arm-none-eabi/11.3.1/../../../../arm-none-eabi/lib/thumb/v7e-m+fp/hard\libc_nano.a(libc_a-exit.o)
                              C:/ST/STM32CubeIDE_1.13.0/STM32CubeIDE/plugins/com.st.stm32cube.ide.mcu.externaltools.gnu-tools-for-stm32.11.3.rel1.win32_1.1.0.202305231506/tools/bin/../lib/gcc/arm-none-eabi/11.3.1/../../../../arm-none-eabi/lib/thumb/v7e-m+fp/hard/crt0.o (exit)
C:/ST/STM32CubeIDE_1.13.0/STM32CubeIDE/plugins/com.st.stm32cube.ide.mcu.externaltools.gnu-tools-for-stm32.11.3.rel1.win32_1.1.0.202305231506/tools/bin/../lib/gcc/arm-none-eabi/11.3.1/../../../../arm-none-eabi/lib/thumb/v7e-m+fp/hard\libc_nano.a(libc_a-findfp.o)
                              C:/ST/STM32CubeIDE_1.13.0/STM32CubeIDE/plugins/com.st.stm32cube.ide.mcu.externaltools.gnu-tools-for-stm32.11.3.rel1.win32_1.1.0.202305231506/tools/bin/../lib/gcc/arm-none-eabi/11.3.1/../../../../arm-none-eabi/lib/thumb/v7e-m+fp/hard\libc_nano.a(libc_a-exit.o) (__stdio_exit_handler)
C:/ST/STM32CubeIDE_1.13.0/STM32CubeIDE/plugins/com.st.stm32cube.ide.mcu.externaltools.gnu-tools-for-stm32.11.3.rel1.win32_1.1.0.202305231506/tools/bin/../lib/gcc/arm-none-eabi/11.3.1/../../../../arm-none-eabi/lib/thumb/v7e-m+fp/hard\libc_nano.a(libc_a-fwalk.o)
                              C:/ST/STM32CubeIDE_1.13.0/STM32CubeIDE/plugins/com.st.stm32cube.ide.mcu.externaltools.gnu-tools-for-stm32.11.3.rel1.win32_1.1.0.202305231506/tools/bin/../lib/gcc/arm-none-eabi/11.3.1/../../../../arm-none-eabi/lib/thumb/v7e-m+fp/hard\libc_nano.a(libc_a-findfp.o) (_fwalk_sglue)
C:/ST/STM32CubeIDE_1.13.0/STM32CubeIDE/plugins/com.st.stm32cube.ide.mcu.externaltools.gnu-tools-for-stm32.11.3.rel1.win32_1.1.0.202305231506/tools/bin/../lib/gcc/arm-none-eabi/11.3.1/../../../../arm-none-eabi/lib/thumb/v7e-m+fp/hard\libc_nano.a(libc_a-stdio.o)
                              C:/ST/STM32CubeIDE_1.13.0/STM32CubeIDE/plugins/com.st.stm32cube.ide.mcu.externaltools.gnu-tools-for-stm32.11.3.rel1.win32_1.1.0.202305231506/tools/bin/../lib/gcc/arm-none-eabi/11.3.1/../../../../arm-none-eabi/lib/thumb/v7e-m+fp/hard\libc_nano.a(libc_a-findfp.o) (__sread)
C:/ST/STM32CubeIDE_1.13.0/STM32CubeIDE/plugins/com.st.stm32cube.ide.mcu.externaltools.gnu-tools-for-stm32.11.3.rel1.win32_1.1.0.202305231506/tools/bin/../lib/gcc/arm-none-eabi/11.3.1/../../../../arm-none-eabi/lib/thumb/v7e-m+fp/hard\libc_nano.a(libc_a-memset.o)
                              C:/ST/STM32CubeIDE_1.13.0/STM32CubeIDE/plugins/com.st.stm32cube.ide.mcu.externaltools.gnu-tools-for-stm32.11.3.rel1.win32_1.1.0.202305231506/tools/bin/../lib/gcc/arm-none-eabi/11.3.1/../../../../arm-none-eabi/lib/thumb/v7e-m+fp/hard/crt0.o (memset)
C:/ST/STM32CubeIDE_1.13.0/STM32CubeIDE/plugins/com.st.stm32cube.ide.mcu.externaltools.gnu-tools-for-stm32.11.3.rel1.win32_1.1.0.202305231506/tools/bin/../lib/gcc/arm-none-eabi/11.3.1/../../../../arm-none-eabi/lib/thumb/v7e-m+fp/hard\libc_nano.a(libc_a-closer.o)
                              C:/ST/STM32CubeIDE_1.13.0/STM32CubeIDE/plugins/com.st.stm32cube.ide.mcu.externaltools.gnu-tools-for-stm32.11.3.rel1.win32_1.1.0.202305231506/tools/bin/../lib/gcc/arm-none-eabi/11.3.1/../../../../arm-none-eabi/lib/thumb/v7e-m+fp/hard\libc_nano.a(libc_a-stdio.o) (_close_r)
C:/ST/STM32CubeIDE_1.13.0/STM32CubeIDE/plugins/com.st.stm32cube.ide.mcu.externaltools.gnu-tools-for-stm32.11.3.rel1.win32_1.1.0.202305231506/tools/bin/../lib/gcc/arm-none-eabi/11.3.1/../../../../arm-none-eabi/lib/thumb/v7e-m+fp/hard\libc_nano.a(libc_a-reent.o)
                              C:/ST/STM32CubeIDE_1.13.0/STM32CubeIDE/plugins/com.st.stm32cube.ide.mcu.externaltools.gnu-tools-for-stm32.11.3.rel1.win32_1.1.0.202305231506/tools/bin/../lib/gcc/arm-none-eabi/11.3.1/../../../../arm-none-eabi/lib/thumb/v7e-m+fp/hard\libc_nano.a(libc_a-closer.o) (errno)
C:/ST/STM32CubeIDE_1.13.0/STM32CubeIDE/plugins/com.st.stm32cube.ide.mcu.externaltools.gnu-tools-for-stm32.11.3.rel1.win32_1.1.0.202305231506/tools/bin/../lib/gcc/arm-none-eabi/11.3.1/../../../../arm-none-eabi/lib/thumb/v7e-m+fp/hard\libc_nano.a(libc_a-impure.o)
                              C:/ST/STM32CubeIDE_1.13.0/STM32CubeIDE/plugins/com.st.stm32cube.ide.mcu.externaltools.gnu-tools-for-stm32.11.3.rel1.win32_1.1.0.202305231506/tools/bin/../lib/gcc/arm-none-eabi/11.3.1/../../../../arm-none-eabi/lib/thumb/v7e-m+fp/hard\libc_nano.a(libc_a-reent.o) (_impure_ptr)
C:/ST/STM32CubeIDE_1.13.0/STM32CubeIDE/plugins/com.st.stm32cube.ide.mcu.externaltools.gnu-tools-for-stm32.11.3.rel1.win32_1.1.0.202305231506/tools/bin/../lib/gcc/arm-none-eabi/11.3.1/../../../../arm-none-eabi/lib/thumb/v7e-m+fp/hard\libc_nano.a(libc_a-lseekr.o)
[...]
Memory Configuration

Name             Origin             Length             Attributes
RAM              0x0000000020000000 0x0000000000010000 xrw
FLASH            0x0000000008000000 0x0000000000040000 xr
*default*        0x0000000000000000 0xffffffffffffffff

Linker script and memory map

LOAD C:/ST/STM32CubeIDE_1.13.0/STM32CubeIDE/plugins/com.st.stm32cube.ide.mcu.externaltools.gnu-tools-for-stm32.11.3.rel1.win32_1.1.0.202305231506/tools/bin/../lib/gcc/arm-none-eabi/11.3.1/thumb/v7e-m+fp/hard/crti.o
LOAD C:/ST/STM32CubeIDE_1.13.0/STM32CubeIDE/plugins/com.st.stm32cube.ide.mcu.externaltools.gnu-tools-for-stm32.11.3.rel1.win32_1.1.0.202305231506/tools/bin/../lib/gcc/arm-none-eabi/11.3.1/thumb/v7e-m+fp/hard/crtbegin.o
LOAD C:/ST/STM32CubeIDE_1.13.0/STM32CubeIDE/plugins/com.st.stm32cube.ide.mcu.externaltools.gnu-tools-for-stm32.11.3.rel1.win32_1.1.0.202305231506/tools/bin/../lib/gcc/arm-none-eabi/11.3.1/../../../../arm-none-eabi/lib/thumb/v7e-m+fp/hard/crt0.o
LOAD ./Src/GPIO/GPIO_Program.o
LOAD ./Src/Kernal/Kernal_program.o
LOAD ./Src/OS_MCAL/OS_MCAL_program.o
LOAD ./Src/RCC/RCC_program.o
LOAD ./Src/Tasks/Tasks.o
LOAD ./Src/main.o
LOAD ./Src/syscalls.o
LOAD ./Src/sysmem.o
LOAD ./Startup/startup_stm32f401ccux.o
START GROUP
LOAD C:/ST/STM32CubeIDE_1.13.0/STM32CubeIDE/plugins/com.st.stm32cube.ide.mcu.externaltools.gnu-tools-for-stm32.11.3.rel1.win32_1.1.0.202305231506/tools/bin/../lib/gcc/arm-none-eabi/11.3.1/../../../../arm-none-eabi/lib/thumb/v7e-m+fp/hard\libc_nano.a
LOAD C:/ST/STM32CubeIDE_1.13.0/STM32CubeIDE/plugins/com.st.stm32cube.ide.mcu.externaltools.gnu-tools-for-stm32.11.3.rel1.win32_1.1.0.202305231506/tools/bin/../lib/gcc/arm-none-eabi/11.3.1/../../../../arm-none-eabi/lib/thumb/v7e-m+fp/hard\libm.a
END GROUP
START GROUP
LOAD C:/ST/STM32CubeIDE_1.13.0/STM32CubeIDE/plugins/com.st.stm32cube.ide.mcu.externaltools.gnu-tools-for-stm32.11.3.rel1.win32_1.1.0.202305231506/tools/bin/../lib/gcc/arm-none-eabi/11.3.1/thumb/v7e-m+fp/hard\libgcc.a
LOAD C:/ST/STM32CubeIDE_1.13.0/STM32CubeIDE/plugins/com.st.stm32cube.ide.mcu.externaltools.gnu-tools-for-stm32.11.3.rel1.win32_1.1.0.202305231506/tools/bin/../lib/gcc/arm-none-eabi/11.3.1/../../../../arm-none-eabi/lib/thumb/v7e-m+fp/hard\libc_nano.a
END GROUP
START GROUP
LOAD C:/ST/STM32CubeIDE_1.13.0/STM32CubeIDE/plugins/com.st.stm32cube.ide.mcu.externaltools.gnu-tools-for-stm32.11.3.rel1.win32_1.1.0.202305231506/tools/bin/../lib/gcc/arm-none-eabi/11.3.1/thumb/v7e-m+fp/hard\libgcc.a
LOAD C:/ST/STM32CubeIDE_1.13.0/STM32CubeIDE/plugins/com.st.stm32cube.ide.mcu.externaltools.gnu-tools-for-stm32.11.3.rel1.win32_1.1.0.202305231506/tools/bin/../lib/gcc/arm-none-eabi/11.3.1/../../../../arm-none-eabi/lib/thumb/v7e-m+fp/hard\libc_nano.a
LOAD C:/ST/STM32CubeIDE_1.13.0/STM32CubeIDE/plugins/com.st.stm32cube.ide.mcu.externaltools.gnu-tools-for-stm32.11.3.rel1.win32_1.1.0.202305231506/tools/bin/../lib/gcc/arm-none-eabi/11.3.1/../../../../arm-none-eabi/lib/thumb/v7e-m+fp/hard\libnosys.a
END GROUP
START GROUP
LOAD C:/ST/STM32CubeIDE_1.13.0/STM32CubeIDE/plugins/com.st.stm32cube.ide.mcu.externaltools.gnu-tools-for-stm32.11.3.rel1.win32_1.1.0.202305231506/tools/bin/../lib/gcc/arm-none-eabi/11.3.1/thumb/v7e-m+fp/hard\libgcc.a
LOAD C:/ST/STM32CubeIDE_1.13.0/STM32CubeIDE/plugins/com.st.stm32cube.ide.mcu.externaltools.gnu-tools-for-stm32.11.3.rel1.win32_1.1.0.202305231506/tools/bin/../lib/gcc/arm-none-eabi/11.3.1/../../../../arm-none-eabi/lib/thumb/v7e-m+fp/hard\libc_nano.a
LOAD C:/ST/STM32CubeIDE_1.13.0/STM32CubeIDE/plugins/com.st.stm32cube.ide.mcu.externaltools.gnu-tools-for-stm32.11.3.rel1.win32_1.1.0.202305231506/tools/bin/../lib/gcc/arm-none-eabi/11.3.1/../../../../arm-none-eabi/lib/thumb/v7e-m+fp/hard\libnosys.a
END GROUP
LOAD C:/ST/STM32CubeIDE_1.13.0/STM32CubeIDE/plugins/com.st.stm32cube.ide.mcu.externaltools.gnu-tools-for-stm32.11.3.rel1.win32_1.1.0.202305231506/tools/bin/../lib/gcc/arm-none-eabi/11.3.1/thumb/v7e-m+fp/hard/crtend.o
LOAD C:/ST/STM32CubeIDE_1.13.0/STM32CubeIDE/plugins/com.st.stm32cube.ide.mcu.externaltools.gnu-tools-for-stm32.11.3.rel1.win32_1.1.0.202305231506/tools/bin/../lib/gcc/arm-none-eabi/11.3.1/thumb/v7e-m+fp/hard/crtn.o
                0x0000000020010000                _estack = (ORIGIN (RAM) + LENGTH (RAM))
                0x0000000000000200                _Min_Heap_Size = 0x200
                0x0000000000000400                _Min_Stack_Size = 0x400

.isr_vector     0x0000000008000000      0x194
                0x0000000008000000                . = ALIGN (0x4)
 *(.isr_vector)
 .isr_vector    0x0000000008000000      0x194 ./Startup/startup_stm32f401ccux.o
                0x0000000008000000                g_pfnVectors
                0x0000000008000194                . = ALIGN (0x4)

.text           0x0000000008000194      0xbf8
                0x0000000008000194                . = ALIGN (0x4)
 *(.text)
 .text          0x0000000008000194       0x40 C:/ST/STM32CubeIDE_1.13.0/STM32CubeIDE/plugins/com.st.stm32cube.ide.mcu.externaltools.gnu-tools-for-stm32.11.3.rel1.win32_1.1.0.202305231506/tools/bin/../lib/gcc/arm-none-eabi/11.3.1/thumb/v7e-m+fp/hard/crtbegin.o
 *(.text*)
 .text.GPIO_voidSetPin
                0x00000000080001d4       0x80 ./Src/GPIO/GPIO_Program.o
                0x00000000080001d4                GPIO_voidSetPin
 .text.GPIO_voidPinMode
                0x0000000008000254       0x60 ./Src/GPIO/GPIO_Program.o
                0x0000000008000254                GPIO_voidPinMode
 .text.GPIO_voidPinOutputMode
                0x00000000080002b4       0x50 ./Src/GPIO/GPIO_Program.o
                0x00000000080002b4                GPIO_voidPinOutputMode
 .text.GPIO_voidOutputSpeed
                0x0000000008000304       0x60 ./Src/GPIO/GPIO_Program.o
                0x0000000008000304                GPIO_voidOutputSpeed
 .text.GPIO_void_PullType
                0x0000000008000364       0x60 ./Src/GPIO/GPIO_Program.o
                0x0000000008000364                GPIO_void_PullType
 .text.GPIO_setAlternativeFunction
                0x00000000080003c4       0x80 ./Src/GPIO/GPIO_Program.o
                0x00000000080003c4                GPIO_setAlternativeFunction
 .text.GPIO_voidInti
                0x0000000008000444       0xa0 ./Src/GPIO/GPIO_Program.o
                0x0000000008000444                GPIO_voidInti
 .text.OS_Init  0x00000000080004e4       0x48 ./Src/Kernal/Kernal_program.o
                0x00000000080004e4                OS_Init
 .text.OS_CreateTask
                0x000000000800052c       0xd4 ./Src/Kernal/Kernal_program.o
                0x000000000800052c                OS_CreateTask
 .text.OS_TaskDelay
                0x0000000008000600       0x84 ./Src/Kernal/Kernal_program.o
                0x0000000008000600                OS_TaskDelay
 .text.OS_StartScheduler
                0x0000000008000684       0x24 ./Src/Kernal/Kernal_program.o
                0x0000000008000684                OS_StartScheduler
 .text.SVC_Handler
                0x00000000080006a8        0xa ./Src/Kernal/Kernal_program.o
                0x00000000080006a8                SVC_Handler
 .text.SVC_Handeler_C
                0x00000000080006b2       0x4c ./Src/Kernal/Kernal_program.o
                0x00000000080006b2                SVC_Handeler_C
 *fill*         0x00000000080006fe        0x2 
 .text.SYSTICK_voidInit
                0x0000000008000700       0x48 ./Src/OS_MCAL/OS_MCAL_program.o
                0x0000000008000700                SYSTICK_voidInit
 .text.HelperFun_SavePSP_value
                0x0000000008000748       0x34 ./Src/OS_MCAL/OS_MCAL_program.o
 .text.HelperFun_IncrementCurrentTask
                0x000000000800077c       0x94 ./Src/OS_MCAL/OS_MCAL_program.o
 .text.unblockTasks
                0x0000000008000810       0x70 ./Src/OS_MCAL/OS_MCAL_program.o
 .text.SysTick_Handler
                0x0000000008000880       0x2c ./Src/OS_MCAL/OS_MCAL_program.o
                0x0000000008000880                SysTick_Handler
 .text.PendSV_Handler
                0x00000000080008ac       0x44 ./Src/OS_MCAL/OS_MCAL_program.o
                0x00000000080008ac                PendSV_Handler
 .text.Stack_voidSchedulerStackInit
                0x00000000080008f0        0x8 ./Src/OS_MCAL/OS_MCAL_program.o
                0x00000000080008f0                Stack_voidSchedulerStackInit
 .text.ChangeToPSP
                0x00000000080008f8       0x30 ./Src/OS_MCAL/OS_MCAL_program.o
                0x00000000080008f8                ChangeToPSP
 .text.Stack_voidInitTaskStack
                0x0000000008000928      0x124 ./Src/OS_MCAL/OS_MCAL_program.o
                0x0000000008000928                Stack_voidInitTaskStack
 .text.RCC_voidInitSysCls
                0x0000000008000a4c       0x54 ./Src/RCC/RCC_program.o
                0x0000000008000a4c                RCC_voidInitSysCls
 .text.RCC_voidEnablePerpheralClk
                0x0000000008000aa0       0xac ./Src/RCC/RCC_program.o
                0x0000000008000aa0                RCC_voidEnablePerpheralClk
 .text.Task1    0x0000000008000b4c       0x58 ./Src/Tasks/Tasks.o
                0x0000000008000b4c                Task1
 .text.Task2    0x0000000008000ba4       0x4c ./Src/Tasks/Tasks.o
                0x0000000008000ba4                Task2
 .text.Task3    0x0000000008000bf0       0x48 ./Src/Tasks/Tasks.o
                0x0000000008000bf0                Task3
 .text.Task4    0x0000000008000c38       0x48 ./Src/Tasks/Tasks.o
                0x0000000008000c38                Task4
 .text.IdleTask
                0x0000000008000c80        0x6 ./Src/Tasks/Tasks.o
                0x0000000008000c80                IdleTask
 *fill*         0x0000000008000c86        0x2 
 .text.main     0x0000000008000c88       0x50 ./Src/main.o
                0x0000000008000c88                main
 .text.Reset_Handler
                0x0000000008000cd8       0x50 ./Startup/startup_stm32f401ccux.o
                0x0000000008000cd8                Reset_Handler
 .text.Default_Handler
                0x0000000008000d28        0x2 ./Startup/startup_stm32f401ccux.o
                0x0000000008000d28                EXTI2_IRQHandler
                0x0000000008000d28                DebugMon_Handler
                0x0000000008000d28                SPI4_IRQHandler
                0x0000000008000d28                TIM1_CC_IRQHandler
                0x0000000008000d28                DMA2_Stream5_IRQHandler
                0x0000000008000d28                HardFault_Handler
                0x0000000008000d28                DMA1_Stream5_IRQHandler
                0x0000000008000d28                SDIO_IRQHandler
                0x0000000008000d28                TAMP_STAMP_IRQHandler
                0x0000000008000d28                NMI_Handler
                0x0000000008000d28                EXTI3_IRQHandler
                0x0000000008000d28                TIM1_UP_TIM10_IRQHandler
                0x0000000008000d28                I2C3_ER_IRQHandler
                0x0000000008000d28                EXTI18_OTG_FS_WKUP_IRQHandler
                0x0000000008000d28                EXTI0_IRQHandler
                0x0000000008000d28                I2C2_EV_IRQHandler
                0x0000000008000d28                DMA1_Stream2_IRQHandler
                0x0000000008000d28                UsageFault_Handler
                0x0000000008000d28                DMA2_Stream2_IRQHandler
                0x0000000008000d28                SPI1_IRQHandler
                0x0000000008000d28                TIM1_BRK_TIM9_IRQHandler
                0x0000000008000d28                DMA2_Stream3_IRQHandler
                0x0000000008000d28                USART6_IRQHandler
                0x0000000008000d28                DMA2_Stream0_IRQHandler
                0x0000000008000d28                TIM4_IRQHandler
                0x0000000008000d28                I2C1_EV_IRQHandler
                0x0000000008000d28                DMA1_Stream6_IRQHandler
                0x0000000008000d28                DMA1_Stream1_IRQHandler
                0x0000000008000d28                TIM3_IRQHandler
                0x0000000008000d28                RCC_IRQHandler
                0x0000000008000d28                Default_Handler
                0x0000000008000d28                EXTI15_10_IRQHandler
                0x0000000008000d28                ADC_IRQHandler
                0x0000000008000d28                DMA1_Stream7_IRQHandler
                0x0000000008000d28                TIM5_IRQHandler
                0x0000000008000d28                DMA2_Stream7_IRQHandler
                0x0000000008000d28                I2C3_EV_IRQHandler
                0x0000000008000d28                EXTI9_5_IRQHandler
                0x0000000008000d28                SPI2_IRQHandler
                0x0000000008000d28                MemManage_Handler
                0x0000000008000d28                DMA1_Stream0_IRQHandler
                0x0000000008000d28                EXTI4_IRQHandler
                0x0000000008000d28                EXTI22_RTC_WKUP_IRQHandler
                0x0000000008000d28                TIM2_IRQHandler
                0x0000000008000d28                EXTI16_PVD_IRQHandler
                0x0000000008000d28                TIM1_TRG_COM_TIM11_IRQHandler
                0x0000000008000d28                EXTI1_IRQHandler
                0x0000000008000d28                EXTI17_RTC_Alarm_IRQHandler
                0x0000000008000d28                USART2_IRQHandler
                0x0000000008000d28                I2C2_ER_IRQHandler
                0x0000000008000d28                DMA2_Stream1_IRQHandler
                0x0000000008000d28                FLASH_IRQHandler
                0x0000000008000d28                DMA2_Stream4_IRQHandler
                0x0000000008000d28                BusFault_Handler
                0x0000000008000d28                USART1_IRQHandler
                0x0000000008000d28                OTG_FS_IRQHandler
                0x0000000008000d28                SPI3_IRQHandler
                0x0000000008000d28                DMA1_Stream4_IRQHandler
                0x0000000008000d28                I2C1_ER_IRQHandler
                0x0000000008000d28                DMA2_Stream6_IRQHandler
                0x0000000008000d28                DMA1_Stream3_IRQHandler
 *fill*         0x0000000008000d2a        0x2 
 .text.__libc_init_array
                0x0000000008000d2c       0x48 C:/ST/STM32CubeIDE_1.13.0/STM32CubeIDE/plugins/com.st.stm32cube.ide.mcu.externaltools.gnu-tools-for-stm32.11.3.rel1.win32_1.1.0.202305231506/tools/bin/../lib/gcc/arm-none-eabi/11.3.1/../../../../arm-none-eabi/lib/thumb/v7e-m+fp/hard\libc_nano.a(libc_a-init.o)
                0x0000000008000d2c                __libc_init_array
 *(.glue_7)
 .glue_7        0x0000000008000d74        0x0 linker stubs
 *(.glue_7t)
 .glue_7t       0x0000000008000d74        0x0 linker stubs
 *(.eh_frame)
 .eh_frame      0x0000000008000d74        0x0 C:/ST/STM32CubeIDE_1.13.0/STM32CubeIDE/plugins/com.st.stm32cube.ide.mcu.externaltools.gnu-tools-for-stm32.11.3.rel1.win32_1.1.0.202305231506/tools/bin/../lib/gcc/arm-none-eabi/11.3.1/thumb/v7e-m+fp/hard/crtbegin.o
 *(.init)
 .init          0x0000000008000d74        0x4 C:/ST/STM32CubeIDE_1.13.0/STM32CubeIDE/plugins/com.st.stm32cube.ide.mcu.externaltools.gnu-tools-for-stm32.11.3.rel1.win32_1.1.0.202305231506/tools/bin/../lib/gcc/arm-none-eabi/11.3.1/thumb/v7e-m+fp/hard/crti.o
                0x0000000008000d74                _init
 .init          0x0000000008000d78        0x8 C:/ST/STM32CubeIDE_1.13.0/STM32CubeIDE/plugins/com.st.stm32cube.ide.mcu.externaltools.gnu-tools-for-stm32.11.3.rel1.win32_1.1.0.202305231506/tools/bin/../lib/gcc/arm-none-eabi/11.3.1/thumb/v7e-m+fp/hard/crtn.o
 *(.fini)
 .fini          0x0000000008000d80        0x4 C:/ST/STM32CubeIDE_1.13.0/STM32CubeIDE/plugins/com.st.stm32cube.ide.mcu.externaltools.gnu-tools-for-stm32.11.3.rel1.win32_1.1.0.202305231506/tools/bin/../lib/gcc/arm-none-eabi/11.3.1/thumb/v7e-m+fp/hard/crti.o
                0x0000000008000d80                _fini
 .fini          0x0000000008000d84        0x8 C:/ST/STM32CubeIDE_1.13.0/STM32CubeIDE/plugins/com.st.stm32cube.ide.mcu.externaltools.gnu-tools-for-stm32.11.3.rel1.win32_1.1.0.202305231506/tools/bin/../lib/gcc/arm-none-eabi/11.3.1/thumb/v7e-m+fp/hard/crtn.o
                0x0000000008000d8c                . = ALIGN (0x4)
                0x0000000008000d8c                _etext = .

.vfp11_veneer   0x0000000008000d8c        0x0
 .vfp11_veneer  0x0000000008000d8c        0x0 linker stubs

.v4_bx          0x0000000008000d8c        0x0
 .v4_bx         0x0000000008000d8c        0x0 linker stubs

.iplt           0x0000000008000d8c        0x0
 .iplt          0x0000000008000d8c        0x0 C:/ST/STM32CubeIDE_1.13.0/STM32CubeIDE/plugins/com.st.stm32cube.ide.mcu.externaltools.gnu-tools-for-stm32.11.3.rel1.win32_1.1.0.202305231506/tools/bin/../lib/gcc/arm-none-eabi/11.3.1/thumb/v7e-m+fp/hard/crtbegin.o

.rodata         0x0000000008000d8c       0x20
                0x0000000008000d8c                . = ALIGN (0x4)
 *(.rodata)
 .rodata        0x0000000008000d8c       0x1f ./Src/Tasks/Tasks.o
 *(.rodata*)
                0x0000000008000dac                . = ALIGN (0x4)
 *fill*         0x0000000008000dab        0x1 

.rel.dyn        0x0000000008000dac        0x0
 .rel.iplt      0x0000000008000dac        0x0 C:/ST/STM32CubeIDE_1.13.0/STM32CubeIDE/plugins/com.st.stm32cube.ide.mcu.externaltools.gnu-tools-for-stm32.11.3.rel1.win32_1.1.0.202305231506/tools/bin/../lib/gcc/arm-none-eabi/11.3.1/thumb/v7e-m+fp/hard/crtbegin.o

.ARM.extab      0x0000000008000dac        0x0
                0x0000000008000dac                . = ALIGN (0x4)
 *(.ARM.extab* .gnu.linkonce.armextab.*)
                0x0000000008000dac                . = ALIGN (0x4)

.ARM            0x0000000008000dac        0x0
                0x0000000008000dac                . = ALIGN (0x4)
                0x0000000008000dac                __exidx_start = .
 *(.ARM.exidx*)
                0x0000000008000dac                __exidx_end = .
                0x0000000008000dac                . = ALIGN (0x4)

.preinit_array  0x0000000008000dac        0x0
                0x0000000008000dac                . = ALIGN (0x4)
                0x0000000008000dac                PROVIDE (__preinit_array_start = .)
 *(.preinit_array*)
                0x0000000008000dac                PROVIDE (__preinit_array_end = .)
                0x0000000008000dac                . = ALIGN (0x4)

.init_array     0x0000000008000dac        0x4
                0x0000000008000dac                . = ALIGN (0x4)
                0x0000000008000dac                PROVIDE (__init_array_start = .)
 *(SORT_BY_NAME(.init_array.*))
 *(.init_array*)
 .init_array    0x0000000008000dac        0x4 C:/ST/STM32CubeIDE_1.13.0/STM32CubeIDE/plugins/com.st.stm32cube.ide.mcu.externaltools.gnu-tools-for-stm32.11.3.rel1.win32_1.1.0.202305231506/tools/bin/../lib/gcc/arm-none-eabi/11.3.1/thumb/v7e-m+fp/hard/crtbegin.o
                0x0000000008000db0                PROVIDE (__init_array_end = .)
                0x0000000008000db0                . = ALIGN (0x4)

.fini_array     0x0000000008000db0        0x4
                0x0000000008000db0                . = ALIGN (0x4)
                [!provide]                        PROVIDE (__fini_array_start = .)
 *(SORT_BY_NAME(.fini_array.*))
 *(.fini_array*)
 .fini_array    0x0000000008000db0        0x4 C:/ST/STM32CubeIDE_1.13.0/STM32CubeIDE/plugins/com.st.stm32cube.ide.mcu.externaltools.gnu-tools-for-stm32.11.3.rel1.win32_1.1.0.202305231506/tools/bin/../lib/gcc/arm-none-eabi/11.3.1/thumb/v7e-m+fp/hard/crtbegin.o
                [!provide]                        PROVIDE (__fini_array_end = .)
                0x0000000008000db4                . = ALIGN (0x4)
                0x0000000008000db4                _sidata = LOADADDR (.data)

.data           0x0000000020000000       0x18 load address 0x0000000008000db4
                0x0000000020000000                . = ALIGN (0x4)
                0x0000000020000000                _sdata = .
 *(.data)
 *(.data*)
 .data.GPIO_PORT
                0x0000000020000000        0xc ./Src/GPIO/GPIO_Program.o
 .data.g_UsedStackSize
                0x000000002000000c        0x4 ./Src/Kernal/Kernal_program.o
                0x000000002000000c                g_UsedStackSize
 .data.g_SRAM_End
                0x0000000020000010        0x4 ./Src/Kernal/Kernal_program.o
                0x0000000020000010                g_SRAM_End
 .data.g_currentTask
                0x0000000020000014        0x1 ./Src/OS_MCAL/OS_MCAL_program.o
                0x0000000020000014                g_currentTask
 *(.RamFunc)
 *(.RamFunc*)
                0x0000000020000018                . = ALIGN (0x4)
 *fill*         0x0000000020000015        0x3 
                0x0000000020000018                _edata = .

.igot.plt       0x0000000020000018        0x0 load address 0x0000000008000dcc
 .igot.plt      0x0000000020000018        0x0 C:/ST/STM32CubeIDE_1.13.0/STM32CubeIDE/plugins/com.st.stm32cube.ide.mcu.externaltools.gnu-tools-for-stm32.11.3.rel1.win32_1.1.0.202305231506/tools/bin/../lib/gcc/arm-none-eabi/11.3.1/thumb/v7e-m+fp/hard/crtbegin.o
                0x0000000020000018                . = ALIGN (0x4)

.bss            0x0000000020000018     0x5088 load address 0x0000000008000dcc
                0x0000000020000018                _sbss = .
                0x0000000020000018                __bss_start__ = _sbss
 *(.bss)
 .bss           0x0000000020000018       0x1c C:/ST/STM32CubeIDE_1.13.0/STM32CubeIDE/plugins/com.st.stm32cube.ide.mcu.externaltools.gnu-tools-for-stm32.11.3.rel1.win32_1.1.0.202305231506/tools/bin/../lib/gcc/arm-none-eabi/11.3.1/thumb/v7e-m+fp/hard/crtbegin.o
 *(.bss*)
 .bss.g_SRAM_Arr
                0x0000000020000034     0x5000 ./Src/Kernal/Kernal_program.o
                0x0000000020000034                g_SRAM_Arr
 .bss.UserTasks
                0x0000000020005034       0x64 ./Src/OS_MCAL/OS_MCAL_program.o
                0x0000000020005034                UserTasks
 .bss.g_GlobalTickCount
                0x0000000020005098        0x4 ./Src/OS_MCAL/OS_MCAL_program.o
                0x0000000020005098                g_GlobalTickCount
 .bss.g_TasksNumber
                0x000000002000509c        0x1 ./Src/OS_MCAL/OS_MCAL_program.o
                0x000000002000509c                g_TasksNumber
 *(COMMON)
                0x00000000200050a0                . = ALIGN (0x4)
 *fill*         0x000000002000509d        0x3 
                0x00000000200050a0                _ebss = .
                0x00000000200050a0                __bss_end__ = _ebss

._user_heap_stack
                0x00000000200050a0      0x600 load address 0x0000000008000dcc
                0x00000000200050a0                . = ALIGN (0x8)
                [!provide]                        PROVIDE (end = .)
                0x00000000200050a0                PROVIDE (_end = .)
                0x00000000200052a0                . = (. + _Min_Heap_Size)
 *fill*         0x00000000200050a0      0x200 
                0x00000000200056a0                . = (. + _Min_Stack_Size)
 *fill*         0x00000000200052a0      0x400 
                0x00000000200056a0                . = ALIGN (0x8)

/DISCARD/
 libc.a(*)
 libm.a(*)
 libgcc.a(*)

.ARM.attributes
                0x0000000000000000       0x30
 *(.ARM.attributes)
 .ARM.attributes
                0x0000000000000000       0x1e C:/ST/STM32CubeIDE_1.13.0/STM32CubeIDE/plugins/com.st.stm32cube.ide.mcu.externaltools.gnu-tools-for-stm32.11.3.rel1.win32_1.1.0.202305231506/tools/bin/../lib/gcc/arm-none-eabi/11.3.1/thumb/v7e-m+fp/hard/crti.o
 .ARM.attributes
                0x000000000000001e       0x34 C:/ST/STM32CubeIDE_1.13.0/STM32CubeIDE/plugins/com.st.stm32cube.ide.mcu.externaltools.gnu-tools-for-stm32.11.3.rel1.win32_1.1.0.202305231506/tools/bin/../lib/gcc/arm-none-eabi/11.3.1/thumb/v7e-m+fp/hard/crtbegin.o
 .ARM.attributes
                0x0000000000000052       0x34 ./Src/GPIO/GPIO_Program.o
 .ARM.attributes
                0x0000000000000086       0x34 ./Src/Kernal/Kernal_program.o
 .ARM.attributes
                0x00000000000000ba       0x34 ./Src/OS_MCAL/OS_MCAL_program.o
 .ARM.attributes
                0x00000000000000ee       0x34 ./Src/RCC/RCC_program.o
 .ARM.attributes
                0x0000000000000122       0x34 ./Src/Tasks/Tasks.o
 .ARM.attributes
                0x0000000000000156       0x34 ./Src/main.o
 .ARM.attributes
                0x000000000000018a       0x21 ./Startup/startup_stm32f401ccux.o
 .ARM.attributes
                0x00000000000001ab       0x34 C:/ST/STM32CubeIDE_1.13.0/STM32CubeIDE/plugins/com.st.stm32cube.ide.mcu.externaltools.gnu-tools-for-stm32.11.3.rel1.win32_1.1.0.202305231506/tools/bin/../lib/gcc/arm-none-eabi/11.3.1/../../../../arm-none-eabi/lib/thumb/v7e-m+fp/hard\libc_nano.a(libc_a-init.o)
 .ARM.attributes
                0x00000000000001df       0x1e C:/ST/STM32CubeIDE_1.13.0/STM32CubeIDE/plugins/com.st.stm32cube.ide.mcu.externaltools.gnu-tools-for-stm32.11.3.rel1.win32_1.1.0.202305231506/tools/bin/../lib/gcc/arm-none-eabi/11.3.1/thumb/v7e-m+fp/hard/crtn.o
OUTPUT(RTOS_scheduler.elf elf32-littlearm)
LOAD linker stubs
LOAD C:/ST/STM32CubeIDE_1.13.0/STM32CubeIDE/plugins/com.st.stm32cube.ide.mcu.externaltools.gnu-tools-for-stm32.11.3.rel1.win32_1.1.0.202305231506/tools/bin/../lib/gcc/arm-none-eabi/11.3.1/../../../../arm-none-eabi/lib/thumb/v7e-m+fp/hard\libc.a
LOAD C:/ST/STM32CubeIDE_1.13.0/STM32CubeIDE/plugins/com.st.stm32cube.ide.mcu.externaltools.gnu-tools-for-stm32.11.3.rel1.win32_1.1.0.202305231506/tools/bin/../lib/gcc/arm-none-eabi/11.3.1/../../../../arm-none-eabi/lib/thumb/v7e-m+fp/hard\libm.a
LOAD C:/ST/STM32CubeIDE_1.13.0/STM32CubeIDE/plugins/com.st.stm32cube.ide.mcu.externaltools.gnu-tools-for-stm32.11.3.rel1.win32_1.1.0.202305231506/tools/bin/../lib/gcc/arm-none-eabi/11.3.1/thumb/v7e-m+fp/hard\libgcc.a

.comment        0x0000000000000000       0x43
 .comment       0x0000000000000000       0x43 C:/ST/STM32CubeIDE_1.13.0/STM32CubeIDE/plugins/com.st.stm32cube.ide.mcu.externaltools.gnu-tools-for-stm32.11.3.rel1.win32_1.1.0.202305231506/tools/bin/../lib/gcc/arm-none-eabi/11.3.1/thumb/v7e-m+fp/hard/crtbegin.o
                                         0x44 (size before relaxing)
 .comment       0x0000000000000043       0x44 ./Src/GPIO/GPIO_Program.o
 .comment       0x0000000000000043       0x44 ./Src/Kernal/Kernal_program.o
 .comment       0x0000000000000043       0x44 ./Src/OS_MCAL/OS_MCAL_program.o
 .comment       0x0000000000000043       0x44 ./Src/RCC/RCC_program.o
 .comment       0x0000000000000043       0x44 ./Src/Tasks/Tasks.o
 .comment       0x0000000000000043       0x44 ./Src/main.o

.debug_info     0x0000000000000000     0x1147
 .debug_info    0x0000000000000000      0x5fb ./Src/GPIO/GPIO_Program.o
 .debug_info    0x00000000000005fb      0x2e7 ./Src/Kernal/Kernal_program.o
 .debug_info    0x00000000000008e2      0x276 ./Src/OS_MCAL/OS_MCAL_program.o
 .debug_info    0x0000000000000b58       0xec ./Src/RCC/RCC_program.o
 .debug_info    0x0000000000000c44      0x3eb ./Src/Tasks/Tasks.o
 .debug_info    0x000000000000102f       0xf5 ./Src/main.o
 .debug_info    0x0000000000001124       0x23 ./Startup/startup_stm32f401ccux.o

.debug_abbrev   0x0000000000000000      0x752
 .debug_abbrev  0x0000000000000000      0x15c ./Src/GPIO/GPIO_Program.o
 .debug_abbrev  0x000000000000015c      0x1cc ./Src/Kernal/Kernal_program.o
 .debug_abbrev  0x0000000000000328      0x17e ./Src/OS_MCAL/OS_MCAL_program.o
 .debug_abbrev  0x00000000000004a6       0x79 ./Src/RCC/RCC_program.o
 .debug_abbrev  0x000000000000051f      0x170 ./Src/Tasks/Tasks.o
 .debug_abbrev  0x000000000000068f       0xb1 ./Src/main.o
 .debug_abbrev  0x0000000000000740       0x12 ./Startup/startup_stm32f401ccux.o

.debug_aranges  0x0000000000000000      0x1d8
 .debug_aranges
                0x0000000000000000       0x68 ./Src/GPIO/GPIO_Program.o
 .debug_aranges
                0x0000000000000068       0x50 ./Src/Kernal/Kernal_program.o
 .debug_aranges
                0x00000000000000b8       0x68 ./Src/OS_MCAL/OS_MCAL_program.o
 .debug_aranges
                0x0000000000000120       0x30 ./Src/RCC/RCC_program.o
 .debug_aranges
                0x0000000000000150       0x40 ./Src/Tasks/Tasks.o
 .debug_aranges
                0x0000000000000190       0x20 ./Src/main.o
 .debug_aranges
                0x00000000000001b0       0x28 ./Startup/startup_stm32f401ccux.o

.debug_rnglists
                0x0000000000000000      0x154
 .debug_rnglists
                0x0000000000000000       0x4c ./Src/GPIO/GPIO_Program.o
 .debug_rnglists
                0x000000000000004c       0x39 ./Src/Kernal/Kernal_program.o
 .debug_rnglists
                0x0000000000000085       0x57 ./Src/OS_MCAL/OS_MCAL_program.o
 .debug_rnglists
                0x00000000000000dc       0x21 ./Src/RCC/RCC_program.o
 .debug_rnglists
                0x00000000000000fd       0x2b ./Src/Tasks/Tasks.o
 .debug_rnglists
                0x0000000000000128       0x13 ./Src/main.o
 .debug_rnglists
                0x000000000000013b       0x19 ./Startup/startup_stm32f401ccux.o

.debug_macro    0x0000000000000000      0xecd
 .debug_macro   0x0000000000000000       0x35 ./Src/GPIO/GPIO_Program.o
 .debug_macro   0x0000000000000035      0xaae ./Src/GPIO/GPIO_Program.o
 .debug_macro   0x0000000000000ae3       0x10 ./Src/GPIO/GPIO_Program.o
 .debug_macro   0x0000000000000af3       0x3a ./Src/GPIO/GPIO_Program.o
 .debug_macro   0x0000000000000b2d       0x34 ./Src/GPIO/GPIO_Program.o
 .debug_macro   0x0000000000000b61       0x2e ./Src/GPIO/GPIO_Program.o
 .debug_macro   0x0000000000000b8f       0x50 ./Src/Kernal/Kernal_program.o
 .debug_macro   0x0000000000000bdf       0x28 ./Src/Kernal/Kernal_program.o
 .debug_macro   0x0000000000000c07       0x22 ./Src/Kernal/Kernal_program.o
 .debug_macro   0x0000000000000c29       0x46 ./Src/Kernal/Kernal_program.o
 .debug_macro   0x0000000000000c6f       0x10 ./Src/Kernal/Kernal_program.o
 .debug_macro   0x0000000000000c7f       0x1c ./Src/Kernal/Kernal_program.o
 .debug_macro   0x0000000000000c9b       0x48 ./Src/OS_MCAL/OS_MCAL_program.o
 .debug_macro   0x0000000000000ce3       0x3e ./Src/RCC/RCC_program.o
 .debug_macro   0x0000000000000d21       0x58 ./Src/RCC/RCC_program.o
 .debug_macro   0x0000000000000d79       0xe2 ./Src/RCC/RCC_program.o
 .debug_macro   0x0000000000000e5b       0x10 ./Src/RCC/RCC_program.o
 .debug_macro   0x0000000000000e6b       0x35 ./Src/Tasks/Tasks.o
 .debug_macro   0x0000000000000ea0       0x2d ./Src/main.o

.debug_line     0x0000000000000000      0xca0
 .debug_line    0x0000000000000000      0x2de ./Src/GPIO/GPIO_Program.o
 .debug_line    0x00000000000002de      0x25e ./Src/Kernal/Kernal_program.o
 .debug_line    0x000000000000053c      0x2fb ./Src/OS_MCAL/OS_MCAL_program.o
 .debug_line    0x0000000000000837      0x10b ./Src/RCC/RCC_program.o
 .debug_line    0x0000000000000942      0x1e7 ./Src/Tasks/Tasks.o
 .debug_line    0x0000000000000b29       0xfc ./Src/main.o
 .debug_line    0x0000000000000c25       0x7b ./Startup/startup_stm32f401ccux.o

.debug_str      0x0000000000000000     0x3fe4
 .debug_str     0x0000000000000000     0x33f0 ./Src/GPIO/GPIO_Program.o
                                       0x3485 (size before relaxing)
 .debug_str     0x00000000000033f0      0x5bd ./Src/Kernal/Kernal_program.o
                                       0x355f (size before relaxing)
 .debug_str     0x00000000000039ad       0xed ./Src/OS_MCAL/OS_MCAL_program.o
                                       0x346c (size before relaxing)
 .debug_str     0x0000000000003a9a      0x4c6 ./Src/RCC/RCC_program.o
                                       0x344f (size before relaxing)
 .debug_str     0x0000000000003f60       0x42 ./Src/Tasks/Tasks.o
                                       0x343b (size before relaxing)
 .debug_str     0x0000000000003fa2       0x13 ./Src/main.o
                                       0x2ef3 (size before relaxing)
 .debug_str     0x0000000000003fb5       0x2f ./Startup/startup_stm32f401ccux.o
                                         0x67 (size before relaxing)

.debug_frame    0x0000000000000000      0x564
 .debug_frame   0x0000000000000000      0x19c ./Src/GPIO/GPIO_Program.o
 .debug_frame   0x000000000000019c      0x104 ./Src/Kernal/Kernal_program.o
 .debug_frame   0x00000000000002a0      0x144 ./Src/OS_MCAL/OS_MCAL_program.o
 .debug_frame   0x00000000000003e4       0x80 ./Src/RCC/RCC_program.o
 .debug_frame   0x0000000000000464       0xa8 ./Src/Tasks/Tasks.o
 .debug_frame   0x000000000000050c       0x2c ./Src/main.o
 .debug_frame   0x0000000000000538       0x2c C:/ST/STM32CubeIDE_1.13.0/STM32CubeIDE/plugins/com.st.stm32cube.ide.mcu.externaltools.gnu-tools-for-stm32.11.3.rel1.win32_1.1.0.202305231506/tools/bin/../lib/gcc/arm-none-eabi/11.3.1/../../../../arm-none-eabi/lib/thumb/v7e-m+fp/hard\libc_nano.a(libc_a-init.o)

.debug_line_str
                0x0000000000000000       0x5b
 .debug_line_str
                0x0000000000000000       0x5b ./Startup/startup_stm32f401ccux.o
                                         0x73 (size before relaxing)
